MEMOIRE
SUR
UN CAS DE LA THEORIE
DES
PROBABILITES AU JEU.
Dans mon ouvrage intitule : Unpeu de tout, ouAmusemens, etc. (*), septi&me ccmversatioii, sur laprobabiUtede certains evenemens aujeu, je me suis proposele probleme suivant :
On demande quel est le degre de prohahilite quil se ren-contrera, en une donne au wisk, une couleur entiere dans une meme main, y compris les diverses conditions accessoires dont ce probleme est susceptihle.
Cette question, comme on peut voir Ã¤ l'endroit cite, ne renferme , en general, aucune difficulte, tant qu'il s'agit seulement,
(*) Un peu de tout, ou Amusemens d*un sexagenaire, depuis 1807 jusqu'en 1816 , par le commandeur C. F. de Nieuport, etc. A Bruxelles, chez P. J. De Mat, 1818.